
> smpp-telemetry-platform@0.2.0 check
> node tools/check-syntax.mjs && npm test

syntax_ok 34

> smpp-telemetry-platform@0.2.0 test
> node --test telemetry-processor/test/*.test.mjs telemetry-collector/tests/*.test.mjs telemetry-dashboard/query-api/test/*.test.mjs telemetry-schema/tools/*.test.mjs

TAP version 13
# Subtest: official collector config preserves strict Processor ACK path
ok 1 - official collector config preserves strict Processor ACK path
  ---
  duration_ms: 3.031749
  type: 'test'
  ...
# Subtest: query API reads serving topology
ok 2 - query API reads serving topology
  ---
  duration_ms: 24.427533
  type: 'test'
  ...
# Subtest: query API optional key is enforced
ok 3 - query API optional key is enforced
  ---
  duration_ms: 5.454805
  type: 'test'
  ...
# Subtest: canonical JSON sorts keys
ok 4 - canonical JSON sorts keys
  ---
  duration_ms: 0.614653
  type: 'test'
  ...
# Subtest: provider hash excludes delivery metadata
ok 5 - provider hash excludes delivery metadata
  ---
  duration_ms: 0.632959
  type: 'test'
  ...
# Subtest: uuid v5 is deterministic
ok 6 - uuid v5 is deterministic
  ---
  duration_ms: 0.243271
  type: 'test'
  ...
# Subtest: normalizer emits canonical fact and source-neutral provenance
ok 7 - normalizer emits canonical fact and source-neutral provenance
  ---
  duration_ms: 2.137873
  type: 'test'
  ...
# Subtest: 2 SDAR x 2 SMPP relations remain distinct N:N facts
ok 8 - 2 SDAR x 2 SMPP relations remain distinct N:N facts
  ---
  duration_ms: 0.897092
  type: 'test'
  ...
# Subtest: internal OTLP JSON reaches Processor WAL before success
ok 9 - internal OTLP JSON reaches Processor WAL before success
  ---
  duration_ms: 35.682374
  type: 'test'
  ...
# Subtest: accept, duplicate and conflict
ok 10 - accept, duplicate and conflict
  ---
  duration_ms: 16.974534
  type: 'test'
  ...
# Subtest: rejects forged collector identity
ok 11 - rejects forged collector identity
  ---
  duration_ms: 2.757572
  type: 'test'
  ...
# Subtest: rejects secrets before WAL
ok 12 - rejects secrets before WAL
  ---
  duration_ms: 5.722461
  type: 'test'
  ...
# Subtest: target failures do not stop independent target checkpoints
ok 13 - target failures do not stop independent target checkpoints
  ---
  duration_ms: 27.843547
  type: 'test'
  ...
# Subtest: WAL has independent checkpoints
ok 14 - WAL has independent checkpoints
  ---
  duration_ms: 10.89015
  type: 'test'
  ...
# Subtest: WAL recovers and truncates partial tail
ok 15 - WAL recovers and truncates partial tail
  ---
  duration_ms: 13.01644
  type: 'test'
  ...
# Subtest: core schema is source-neutral and N:N relation has no unique binding
ok 16 - core schema is source-neutral and N:N relation has no unique binding
  ---
  duration_ms: 4.75079
  type: 'test'
  ...
# Subtest: warehouse layers are created
ok 17 - warehouse layers are created
  ---
  duration_ms: 1.346858
  type: 'test'
  ...
1..17
# tests 17
# suites 0
# pass 17
# fail 0
# cancelled 0
# skipped 0
# todo 0
# duration_ms 224.685075
